// Jest Snapshot v1, https://goo.gl/fbAQLP

exports[`renders correctly 1`] = `
<div
  className="relative bg-white rounded-lg shadow translate-y-[-50px] transition-all duration-300 ease-in-out p-4 sm:w-4/6 w-5/6"
>
  <div>
    test wrapper
  </div>
</div>
`;

exports[`renders modal wrapper correctly 1`] = `
<div
  className="relative bg-white rounded-lg shadow translate-y-[-50px] transition-all duration-300 ease-in-out p-4 sm:w-4/6 w-5/6"
>
  <div>
    test wrapper
  </div>
</div>
`;
